nohup: ignoring input
... logging to /home/b00992264/.ros/log/94e8742e-86de-11f1-8b53-234f5624acc0/roslaunch-b00992264-VirtualBox-24548.log
Checking log directory for disk usage. This may take a while.
Press Ctrl-C to interrupt
Done checking log file disk usage. Usage is <1GB.
]2;/home/b00992264/com760_ws/src/com760cw2_group34/launch/train_q_learning.launch
[1mstarted roslaunch server http://b00992264-VirtualBox:36805/[0m

SUMMARY
========

PARAMETERS
 * /alpha: 0.3
 * /angular_speed: 1.5
 * /blocked_distance: 0.6
 * /cmd_vel_topic: /group34Bot/cmd_vel
 * /collision_distance: 0.3
 * /collision_penalty: -1200.0
 * /control_rate_hz: 10.0
 * /epsilon: 0.55
 * /epsilon_decay: 0.984
 * /epsilon_min: 0.05
 * /gamma: 0.9
 * /gazebo/enable_ros_network: True
 * /goal_close_distance: 2.0
 * /goal_far_distance: 12.0
 * /goal_medium_distance: 6.0
 * /goal_reward: 500.0
 * /goal_tolerance: 2.0
 * /goal_x: -15.0
 * /goal_y: 4.0
 * /linear_speed: 1.0
 * /max_episodes: 150
 * /max_steps_per_episode: 1300
 * /moved_away_penalty: -10.0
 * /near_distance: 1.2
 * /near_obstacle_distance: 0.55
 * /near_obstacle_penalty: -2.0
 * /odom_topic: /odom
 * /progress_reward_scale: 12.0
 * /q_learning_delivery_node/mode: train
 * /q_learning_delivery_node/q_table_path: /home/b00992264/c...
 * /q_learning_delivery_node/results_dir: /home/b00992264/c...
 * /q_table_path: /home/b00992264/c...
 * /randomize_positions: True
 * /reset_service: /group34Bot/reset...
 * /results_dir: /home/b00992264/c...
 * /robot_description: <?xml version="1....
 * /robot_model_name: group34Bot
 * /rosdistro: noetic
 * /rosversion: 1.17.4
 * /scan_topic: /group34Bot/laser...
 * /start_x: 15.0
 * /start_y: 0.0
 * /start_yaw: 0.0
 * /start_z: 0.08
 * /status_topic: /group34Bot/q_lea...
 * /step_penalty: -0.05
 * /turn_penalty: -0.1
 * /use_sim_time: True
 * /waypoints: [{'x': 15.0, 'y':...

NODES
  /
    episode_resetter (com760cw2_group34/reset_episode.py)
    gazebo (gazebo_ros/gzserver)
    gazebo_gui (gazebo_ros/gzclient)
    q_learning_delivery_node (com760cw2_group34/q_learning_node.py)
    robot_state_publisher (robot_state_publisher/robot_state_publisher)
    spawn_group34_bot (gazebo_ros/spawn_model)

auto-starting new master
[1mprocess[master]: started with pid [24563][0m
[1mROS_MASTER_URI=http://localhost:11311[0m
]2;/home/b00992264/com760_ws/src/com760cw2_group34/launch/train_q_learning.launch http://localhost:11311
[1msetting /run_id to 94e8742e-86de-11f1-8b53-234f5624acc0[0m
[1mprocess[rosout-1]: started with pid [24578][0m
started core service [/rosout]
[1mprocess[gazebo-2]: started with pid [24585][0m
[1mprocess[gazebo_gui-3]: started with pid [24587][0m
[1mprocess[spawn_group34_bot-4]: started with pid [24593][0m
[1mprocess[robot_state_publisher-5]: started with pid [24596][0m
[1mprocess[episode_resetter-6]: started with pid [24597][0m
[1mprocess[q_learning_delivery_node-7]: started with pid [24598][0m
[INFO] [1784842597.466922, 0.000000]: Loaded Q-table with 545 states from /home/b00992264/com760_ws/src/com760cw2_group34/results/q_table.json
[INFO] [1784842597.479109, 0.000000]: Q-learning node ready. mode=train goal=(-15.00, 4.00)
[INFO] [1784842597.480620, 0.000000]: Waiting for scan and odometry: scan=False odom=False
[INFO] [1784842597.609072, 0.000000]: Loading model XML from ros parameter robot_description
[INFO] [1784842597.615319, 0.000000]: Waiting for service /gazebo/spawn_urdf_model
[INFO] [1784842599.148456, 0.000000]: Calling service /gazebo/spawn_urdf_model
[INFO] [1784842599.249865, 0.000000]: Episode reset service ready: /group34Bot/reset_episode (randomize=True, waypoints=8)
[INFO] [1784842599.749850, 0.005000]: Spawn status: SpawnModel: Successfully spawned entity
[33m[WARN] [1784842599.859017900, 0.005000000]: DiffDrive(ns = //): missing <rosDebugLevel> default is na[0m
[33m[WARN] [1784842599.861311054, 0.005000000]: DiffDrive(ns = //): missing <publishWheelJointState> default is false[0m
[33m[WARN] [1784842599.861566377, 0.005000000]: DiffDrive(ns = //): missing <odometrySource> default is 1[0m
[33m[WARN] [1784842599.861794755, 0.005000000]: GazeboRosDiffDrive Plugin (ns = ) missing <publishTf>, defaults to 1[0m
[INFO] [1784842600.158925, 0.200000]: Running training mode for 150 episodes.
[1m[spawn_group34_bot-4] process has finished cleanly
log file: /home/b00992264/.ros/log/94e8742e-86de-11f1-8b53-234f5624acc0/spawn_group34_bot-4*.log[0m
